// Vitest Snapshot v1, https://vitest.dev/guide/snapshot.html

exports[`OpenCode adapter > is pure and matches the snapshot 1`] = `
{
  ".opencode/agents/gw-implementer.md": "---
description: Groundwork implementer. Make the card's failing tests pass with the smallest reasonable change.
mode: subagent
---
You are the Groundwork implementer. Read \`.groundwork/roles/implementer.md\` now and follow it exactly.
Load only the files it lists under Load.
",
  ".opencode/agents/gw-planner.md": "---
description: Groundwork planner. Turn ideas into a spec, and the spec into phases and cards.
mode: subagent
permission:
  bash: deny
---
You are the Groundwork planner. Read \`.groundwork/roles/planner.md\` now and follow it exactly.
Load only the files it lists under Load.
",
  ".opencode/agents/gw-reviewer.md": "---
description: Groundwork reviewer. Check the work with fresh eyes, then either pass it to the human or send it back.
mode: subagent
permission:
  edit: deny
---
You are the Groundwork reviewer. Read \`.groundwork/roles/reviewer.md\` now and follow it exactly.
Load only the files it lists under Load.
",
  ".opencode/agents/gw-tester.md": "---
description: Groundwork tester. Turn the current card's acceptance criteria into tests that fail now and will pass when the card is done.
mode: subagent
---
You are the Groundwork tester. Read \`.groundwork/roles/tester.md\` now and follow it exactly.
Load only the files it lists under Load.
",
  ".opencode/commands/gw-approve.md": "---
description: Use when the human says to approve the card awaiting approval, or a whole phase in per-phase mode. Checks the evidence, marks it done and commits it.
---
Read \`.groundwork/commands/gw-approve.md\` now and follow it exactly.

Arguments: $ARGUMENTS
",
  ".opencode/commands/gw-decide.md": "---
description: Use when the work needs a choice the human hasn't made yet, such as a framework, database, library or service. Lays out 2–4 options, waits for the human's choice, and records it.
---
Read \`.groundwork/commands/gw-decide.md\` now and follow it exactly.

Arguments: $ARGUMENTS
",
  ".opencode/commands/gw-handoff.md": "---
description: Use when stopping for any reason, such as the human ending the session or context running low. Writes the current state to .groundwork/HANDOFF.md so any session, tool or model can continue.
---
Read \`.groundwork/commands/gw-handoff.md\` now and follow it exactly.

Arguments: $ARGUMENTS
",
  ".opencode/commands/gw-next.md": "---
description: Use when there's a plan and the human wants to keep building, for example by saying next or carry on. Runs the next card through tester, implementer and reviewer, then stops for approval.
---
Read \`.groundwork/commands/gw-next.md\` now and follow it exactly.

Arguments: $ARGUMENTS
",
  ".opencode/commands/gw-plan.md": "---
description: Use when the spec is confirmed and there are no cards yet, or the human wants to plan new work. Breaks the spec into phases and cards, after recording any stack decisions.
---
Read \`.groundwork/commands/gw-plan.md\` now and follow it exactly.

Arguments: $ARGUMENTS
",
  ".opencode/commands/gw-quick.md": "---
description: Use when the human asks for a small, low-risk change, such as a typo, a copy tweak or a config value, or reports a bug. Makes it in one pass without a card, cause first for bugs, and the tests must still pass.
---
Read \`.groundwork/commands/gw-quick.md\` now and follow it exactly.

Arguments: $ARGUMENTS
",
  ".opencode/commands/gw-reject.md": "---
description: Use when the human says to reject the card awaiting approval, with a reason. The card goes back to the implementer.
---
Read \`.groundwork/commands/gw-reject.md\` now and follow it exactly.

Arguments: $ARGUMENTS
",
  ".opencode/commands/gw-retro.md": "---
description: Use when a phase ends, or the human asks why the same mistakes keep happening. Proposes moving lessons up the ladder (note, rule, guard), and nothing changes without the human's OK.
---
Read \`.groundwork/commands/gw-retro.md\` now and follow it exactly.

Arguments: $ARGUMENTS
",
  ".opencode/commands/gw-setup.md": "---
description: Use when Groundwork was just installed and AGENTS.md or .groundwork/config.json isn't filled in yet. Sets up a new or existing project with a short interview.
---
Read \`.groundwork/commands/gw-setup.md\` now and follow it exactly.

Arguments: $ARGUMENTS
",
  ".opencode/commands/gw-spec.md": "---
description: Use when the human describes a new app or feature idea and there's no confirmed spec for it yet. Writes or updates the spec by asking specific questions in small batches.
---
Read \`.groundwork/commands/gw-spec.md\` now and follow it exactly.

Arguments: $ARGUMENTS
",
  ".opencode/commands/gw-ui-spec.md": "---
description: Use when a card involves UI or animation work, before anything is built. Agrees in writing how it will look and behave, as checkable criteria on the card.
---
Read \`.groundwork/commands/gw-ui-spec.md\` now and follow it exactly.

Arguments: $ARGUMENTS
",
  ".opencode/commands/gw.md": "---
description: Use when a session starts, or the human asks where things stand, what's next, or to carry on. Works out the project's state, says it in plain words, and runs the next step.
---
Read \`.groundwork/commands/gw.md\` now and follow it exactly.

Arguments: $ARGUMENTS
",
  ".opencode/plugins/groundwork-guards.js": "// Groundwork: runs the guards listed in .groundwork/config.json before each tool call.
// Throwing an error blocks the call. Generated by Groundwork; edit .groundwork/guards/ instead.
import { existsSync, readFileSync } from "node:fs";
import { join } from "node:path";
import { fileURLToPath, pathToFileURL } from "node:url";

// This file lives in <project>/.opencode/plugins/, so the project is two folders up.
const project = fileURLToPath(new URL("../../", import.meta.url));

export default {
  id: "groundwork-guards",
  setup: async (context) => {
    const guardsDir = join(project, ".groundwork", "guards");
    const configPath = join(project, ".groundwork", "config.json");
    const runner = await import(pathToFileURL(join(guardsDir, "run.mjs")).href);

    await context.tool.hook("execute.before", async (call) => {
      const guards = existsSync(configPath) ? (JSON.parse(readFileSync(configPath, "utf8")).guards ?? []) : [];
      if (guards.length === 0) return;
      const action = runner.toAction("opencode", { tool: call.tool, args: call.input ?? {} });
      if (!action) return;
      const result = await runner.runGuards(action, guards, guardsDir);
      if (result.block) throw new Error(result.reason);
    });
  },
};
",
}
`;
