// Vitest Snapshot v1, https://vitest.dev/guide/snapshot.html

exports[`OpenCode adapter > is pure and matches the snapshot 1`] = `
{
  ".opencode/agents/gw-implementer.md": "---
description: Groundwork implementer. Make the card's failing tests pass with the smallest reasonable change.
mode: subagent
---
You are the Groundwork implementer. Read \`.groundwork/roles/implementer.md\` now and follow it exactly.
Load only the files it lists under Load.
",
  ".opencode/agents/gw-planner.md": "---
description: Groundwork planner. Turn ideas into a spec, and the spec into phases and cards.
mode: subagent
permission:
  bash: deny
---
You are the Groundwork planner. Read \`.groundwork/roles/planner.md\` now and follow it exactly.
Load only the files it lists under Load.
",
  ".opencode/agents/gw-reviewer.md": "---
description: Groundwork reviewer. Check the work with fresh eyes, then either pass it to the human or send it back.
mode: subagent
permission:
  edit: deny
---
You are the Groundwork reviewer. Read \`.groundwork/roles/reviewer.md\` now and follow it exactly.
Load only the files it lists under Load.
",
  ".opencode/agents/gw-tester.md": "---
description: Groundwork tester. Turn the current card's acceptance criteria into tests that fail now and will pass when the card is done.
mode: subagent
---
You are the Groundwork tester. Read \`.groundwork/roles/tester.md\` now and follow it exactly.
Load only the files it lists under Load.
",
  ".opencode/commands/gw-approve.md": "---
description: Approve the card awaiting approval (or a whole phase in per-phase mode). Checks evidence, marks it done and commits it.
---
Read \`.groundwork/commands/gw-approve.md\` now and follow it exactly.

Arguments: $ARGUMENTS
",
  ".opencode/commands/gw-handoff.md": "---
description: Write the current state to .groundwork/HANDOFF.md so any session, tool or model can continue from it.
---
Read \`.groundwork/commands/gw-handoff.md\` now and follow it exactly.

Arguments: $ARGUMENTS
",
  ".opencode/commands/gw-next.md": "---
description: Run the next card through the build loop (tester, implementer, reviewer) and stop for approval.
---
Read \`.groundwork/commands/gw-next.md\` now and follow it exactly.

Arguments: $ARGUMENTS
",
  ".opencode/commands/gw-plan.md": "---
description: Break the spec into phases and cards, with one card file per card, after recording any stack decisions.
---
Read \`.groundwork/commands/gw-plan.md\` now and follow it exactly.

Arguments: $ARGUMENTS
",
  ".opencode/commands/gw-quick.md": "---
description: Make a small, low-risk change in one pass, without a card or separate roles. Tests must still pass.
---
Read \`.groundwork/commands/gw-quick.md\` now and follow it exactly.

Arguments: $ARGUMENTS
",
  ".opencode/commands/gw-reject.md": "---
description: Reject the card awaiting approval with a reason. It goes back to the implementer.
---
Read \`.groundwork/commands/gw-reject.md\` now and follow it exactly.

Arguments: $ARGUMENTS
",
  ".opencode/commands/gw-resume.md": "---
description: Continue unfinished work from .groundwork/HANDOFF.md and the current card, in any tool or with any model.
---
Read \`.groundwork/commands/gw-resume.md\` now and follow it exactly.

Arguments: $ARGUMENTS
",
  ".opencode/commands/gw-setup.md": "---
description: Set up Groundwork for a new project. A short interview fills in AGENTS.md and .groundwork/config.json.
---
Read \`.groundwork/commands/gw-setup.md\` now and follow it exactly.

Arguments: $ARGUMENTS
",
  ".opencode/commands/gw-spec.md": "---
description: Write or update the project spec by asking the human specific questions in small batches.
---
Read \`.groundwork/commands/gw-spec.md\` now and follow it exactly.

Arguments: $ARGUMENTS
",
  ".opencode/plugins/groundwork-guards.js": "// Groundwork: runs the guards listed in .groundwork/config.json before each tool call.
// Throwing an error blocks the call. Generated by Groundwork; edit .groundwork/guards/ instead.
import { existsSync, readFileSync } from "node:fs";
import { join } from "node:path";
import { pathToFileURL } from "node:url";

export const GroundworkGuards = async ({ directory }) => {
  const guardsDir = join(directory, ".groundwork", "guards");
  const configPath = join(directory, ".groundwork", "config.json");
  const runner = await import(pathToFileURL(join(guardsDir, "run.mjs")).href);

  return {
    "tool.execute.before": async (input, output) => {
      const guards = existsSync(configPath) ? (JSON.parse(readFileSync(configPath, "utf8")).guards ?? []) : [];
      if (guards.length === 0) return;
      const action = runner.toAction("opencode", { tool: input.tool, args: output.args ?? {} });
      if (!action) return;
      const result = await runner.runGuards(action, guards, guardsDir);
      if (result.block) throw new Error(result.reason);
    },
  };
};
",
}
`;
