// Vitest Snapshot v1, https://vitest.dev/guide/snapshot.html

exports[`OpenCode adapter > is pure and matches the snapshot 1`] = `
{
  ".opencode/agents/gw-implementer.md": "---
description: Groundwork implementer. Make the card's failing tests pass with the smallest reasonable change.
mode: subagent
---
You are the Groundwork implementer. Read \`.groundwork/roles/implementer.md\` now and follow it exactly.
Load only the files it lists under Load.
",
  ".opencode/agents/gw-reviewer.md": "---
description: Groundwork reviewer. Check the work with fresh eyes, then either pass it to the human or send it back.
mode: subagent
permission:
  edit: deny
---
You are the Groundwork reviewer. Read \`.groundwork/roles/reviewer.md\` now and follow it exactly.
Load only the files it lists under Load.
",
  ".opencode/agents/gw-tester.md": "---
description: Groundwork tester. Turn the current card's acceptance criteria into tests that fail now and will pass when the card is done.
mode: subagent
---
You are the Groundwork tester. Read \`.groundwork/roles/tester.md\` now and follow it exactly.
Load only the files it lists under Load.
",
  ".opencode/commands/gw-approve.md": "---
description: Use when the human says to approve the waiting card, or a phase in per-phase mode. Checks the evidence and commits.
---
Read \`.groundwork/commands/gw-approve.md\` now and follow it exactly.

Arguments: $ARGUMENTS
",
  ".opencode/commands/gw-decide.md": "---
description: Use when the work needs a choice the human hasn't made, like a framework or database. Offers options and records the pick.
---
Read \`.groundwork/commands/gw-decide.md\` now and follow it exactly.

Arguments: $ARGUMENTS
",
  ".opencode/commands/gw-handoff.md": "---
description: Use when stopping for any reason, such as the session ending or context running low. Saves the state to HANDOFF.md.
---
Read \`.groundwork/commands/gw-handoff.md\` now and follow it exactly.

Arguments: $ARGUMENTS
",
  ".opencode/commands/gw-next.md": "---
description: Use when there's a plan and the human wants to keep building. Runs the next card through tester, implementer and reviewer.
---
Read \`.groundwork/commands/gw-next.md\` now and follow it exactly.

Arguments: $ARGUMENTS
",
  ".opencode/commands/gw-plan.md": "---
description: Use when the spec is confirmed and there are no cards yet, or new work needs planning. Breaks it into phases and cards.
---
Read \`.groundwork/commands/gw-plan.md\` now and follow it exactly.

Arguments: $ARGUMENTS
",
  ".opencode/commands/gw-quick.md": "---
description: Use when the human asks for a small, low-risk change or reports a bug. Makes it in one pass without a card; tests must pass.
---
Read \`.groundwork/commands/gw-quick.md\` now and follow it exactly.

Arguments: $ARGUMENTS
",
  ".opencode/commands/gw-reject.md": "---
description: Use when the human says to reject the waiting card, with a reason. Sends it back to the implementer.
---
Read \`.groundwork/commands/gw-reject.md\` now and follow it exactly.

Arguments: $ARGUMENTS
",
  ".opencode/commands/gw-retro.md": "---
description: Use when a phase ends, or the same mistakes keep happening. Proposes turning lessons into rules or guards, with the human's OK.
---
Read \`.groundwork/commands/gw-retro.md\` now and follow it exactly.

Arguments: $ARGUMENTS
",
  ".opencode/commands/gw-setup.md": "---
description: Use when Groundwork was just installed and setup in .groundwork/config.json isn't done. Sets the project up with a short interview.
---
Read \`.groundwork/commands/gw-setup.md\` now and follow it exactly.

Arguments: $ARGUMENTS
",
  ".opencode/commands/gw-spec.md": "---
description: Use when the human describes a new app or feature and there's no confirmed spec for it. Writes the spec by asking questions.
---
Read \`.groundwork/commands/gw-spec.md\` now and follow it exactly.

Arguments: $ARGUMENTS
",
  ".opencode/commands/gw-ui-spec.md": "---
description: Use when a card involves UI or animation, before it's built. Agrees how it will look and behave, as checkable criteria.
---
Read \`.groundwork/commands/gw-ui-spec.md\` now and follow it exactly.

Arguments: $ARGUMENTS
",
  ".opencode/commands/gw.md": "---
description: Use when a session starts, or the human asks where things stand or to carry on. Says the state and runs the next step.
---
Read \`.groundwork/commands/gw.md\` now and follow it exactly.

Arguments: $ARGUMENTS
",
  ".opencode/plugins/groundwork-guards.js": "// Groundwork: runs the guards listed in .groundwork/config.json before each tool call, records the
// human's own messages for the commit gate, and tells each new session where the project stands
// (from .groundwork/HANDOFF.md).
// Throwing an error blocks the call. Generated by Groundwork; edit .groundwork/guards/ instead.
import { existsSync, mkdirSync, writeFileSync } from "node:fs";
import { join } from "node:path";
import { fileURLToPath, pathToFileURL } from "node:url";

// This file lives in <project>/.opencode/plugins/, so the project is two folders up.
const project = fileURLToPath(new URL("../../", import.meta.url));

export default {
  id: "groundwork-guards",
  setup: async (context) => {
    const guardsDir = join(project, ".groundwork", "guards");
    const runner = await import(pathToFileURL(join(guardsDir, "run.mjs")).href);
    const hook = join(project, ".groundwork", "hooks", "session-start.mjs");
    const orientation = existsSync(hook) ? (await import(pathToFileURL(hook).href)).orientation : undefined;

    // Groundwork's own subagents get their card from the runner, so they skip it.
    await context.session.hook("context", async (input) => {
      if (!orientation || String(input.agent ?? "").startsWith("gw-")) return;
      const text = orientation(project);
      if (text) input.system.push({ type: "text", text });
    });

    // Records the human's messages, like Claude Code's UserPromptSubmit hook. Prompt admission
    // fires for prompts the user (or a command) submits; synthetic messages don't run it. The
    // "records-human" marker is written on the first real message, proving the signal live: only
    // then does the commit gate demand the approvals marker, so a tool without this hook keeps
    // the card checks only.
    try {
      const recorder = join(project, ".groundwork", "hooks", "user-prompt.mjs");
      const { recordHuman } = existsSync(recorder) ? await import(pathToFileURL(recorder).href) : {};
      if (typeof recordHuman === "function") {
        await context.session.hook("prompt", async (event) => {
          try {
            // The task tool delivers subagent instructions as prompts in child sessions; only the
            // human's own messages arrive in a top-level one. Without this, anything that can spawn
            // a subagent could forge an approval.
            const session = await context.session.get({ sessionID: event?.sessionID });
            if (session?.parentID) return;
            recordHuman(project, event?.prompt?.text ?? "");
            const approvals = join(project, ".groundwork", ".approvals");
            mkdirSync(approvals, { recursive: true });
            writeFileSync(join(approvals, "records-human"), JSON.stringify({ tool: "opencode", at: new Date().toISOString() }, null, 2) + "\\n");
          } catch {
            // Best effort: the gate then only checks the card.
          }
        });
      } else if (existsSync(recorder)) {
        console.warn("Groundwork: .groundwork/hooks/user-prompt.mjs doesn't export recordHuman, so the commit gate will check the card only.");
      }
    } catch {
      console.warn("Groundwork: the prompt hook isn't available (OpenCode version or .groundwork/hooks), so the commit gate will check the card only.");
    }

    // The runner fails safe: a broken config blocks commits only, and says why.
    await context.tool.hook("execute.before", async (call) => {
      const result = await runner.evaluate("opencode", { tool: call.tool, args: call.input ?? {} }, guardsDir);
      for (const warning of result.warnings) console.warn(warning);
      if (result.block) throw new Error(result.reason);
    });
  },
};
",
}
`;
